2026-06-06 09:51:22.679 [background-preinit] [] INFO  o.h.validator.internal.util.Version - HV000001: Hibernate Validator 8.0.1.Final
2026-06-06 09:51:22.733 [main] [] INFO  o.xiaoxu.PracticeServiceApplication - Starting PracticeServiceApplication using Java 17.0.12 with PID 24880 (E:\programs\java_arsenal\spring-practice-service\target\classes started by tingq in E:\programs\java_arsenal)
2026-06-06 09:51:22.734 [main] [] INFO  o.xiaoxu.PracticeServiceApplication - No active profile set, falling back to 1 default profile: "default"
2026-06-06 09:51:24.734 [main] [] INFO  o.s.b.w.e.tomcat.TomcatWebServer - Tomcat initialized with port 25255 (http)
2026-06-06 09:51:24.757 [main] [] INFO  o.a.coyote.http11.Http11NioProtocol - Initializing ProtocolHandler ["http-nio-25255"]
2026-06-06 09:51:24.760 [main] [] INFO  o.a.catalina.core.StandardService - Starting service [Tomcat]
2026-06-06 09:51:24.761 [main] [] INFO  o.a.catalina.core.StandardEngine - Starting Servlet engine: [Apache Tomcat/10.1.18]
2026-06-06 09:51:24.899 [main] [] INFO  o.a.c.c.C.[Tomcat].[localhost].[/] - Initializing Spring embedded WebApplicationContext
2026-06-06 09:51:24.899 [main] [] INFO  o.s.b.w.s.c.ServletWebServerApplicationContext - Root WebApplicationContext: initialization completed in 1881 ms
2026-06-06 09:51:26.193 [main] [] INFO  c.x.job.core.executor.XxlJobExecutor - >>>>>>>>>>> xxl-job register jobhandler success, name:demoHandler, jobHandler:com.xxl.job.core.handler.impl.MethodJobHandler@44485db[class org.xiaoxu.controller.VerifiedController$$SpringCGLIB$$0#demoHandler]
2026-06-06 09:51:26.193 [main] [] INFO  o.x.factory.HttpClientFactoryBean - FactoryBean.getObject() 被调用，正在创建HttpClient...
2026-06-06 09:51:26.363 [main] [] INFO  o.x.factory.HttpClientFactoryBean - HttpClient 创建完成: jdk.internal.net.http.HttpClientImpl@12421766(1)
2026-06-06 09:51:26.420 [main] [] INFO  o.a.coyote.http11.Http11NioProtocol - Starting ProtocolHandler ["http-nio-25255"]
2026-06-06 09:51:26.441 [main] [] INFO  o.s.b.w.e.tomcat.TomcatWebServer - Tomcat started on port 25255 (http) with context path ''
2026-06-06 09:51:26.454 [main] [] INFO  o.xiaoxu.PracticeServiceApplication - Started PracticeServiceApplication in 4.457 seconds (process running for 6.118)
2026-06-06 09:51:26.878 [Thread-4] [] INFO  com.xxl.job.core.server.EmbedServer - >>>>>>>>>>> xxl-job remoting server start success, nettype = class com.xxl.job.core.server.EmbedServer, port = 9999
2026-06-06 09:53:25.107 [Thread-4] [] INFO  com.xxl.job.core.server.EmbedServer - >>>>>>>>>>> xxl-job remoting server stop.
2026-06-06 09:53:25.115 [xxl-job, executor ExecutorRegistryThread] [] INFO  c.x.j.c.t.ExecutorRegistryThread - >>>>>>>>>>> xxl-job registry-remove success, registryParam:RegistryParam{registryGroup='EXECUTOR', registryKey='xxl-job-executor-demo', registryValue='http://192.168.1.2:9999/'}, registryResult:ReturnT [code=200, msg=null, content=null]
2026-06-06 09:53:25.116 [xxl-job, executor ExecutorRegistryThread] [] INFO  c.x.j.c.t.ExecutorRegistryThread - >>>>>>>>>>> xxl-job, executor registry thread destroy.
2026-06-06 09:53:25.116 [SpringApplicationShutdownHook] [] INFO  com.xxl.job.core.server.EmbedServer - >>>>>>>>>>> xxl-job remoting server destroy success.
2026-06-06 09:53:25.116 [xxl-job, executor JobLogFileCleanThread] [] INFO  c.x.j.c.thread.JobLogFileCleanThread - >>>>>>>>>>> xxl-job, executor JobLogFileCleanThread thread destroy.
2026-06-06 09:53:25.116 [xxl-job, executor TriggerCallbackThread] [] INFO  c.x.j.c.thread.TriggerCallbackThread - >>>>>>>>>>> xxl-job, executor callback thread destroy.
2026-06-06 09:53:25.116 [Thread-3] [] INFO  c.x.j.c.thread.TriggerCallbackThread - >>>>>>>>>>> xxl-job, executor retry callback thread destroy.
2026-06-06 09:53:29.286 [background-preinit] [] INFO  o.h.validator.internal.util.Version - HV000001: Hibernate Validator 8.0.1.Final
2026-06-06 09:53:29.346 [main] [] INFO  o.xiaoxu.PracticeServiceApplication - Starting PracticeServiceApplication using Java 17.0.12 with PID 33144 (E:\programs\java_arsenal\spring-practice-service\target\classes started by tingq in E:\programs\java_arsenal)
2026-06-06 09:53:29.346 [main] [] INFO  o.xiaoxu.PracticeServiceApplication - No active profile set, falling back to 1 default profile: "default"
2026-06-06 09:53:30.880 [main] [] INFO  o.s.b.w.e.tomcat.TomcatWebServer - Tomcat initialized with port 25255 (http)
2026-06-06 09:53:30.890 [main] [] INFO  o.a.coyote.http11.Http11NioProtocol - Initializing ProtocolHandler ["http-nio-25255"]
2026-06-06 09:53:30.899 [main] [] INFO  o.a.catalina.core.StandardService - Starting service [Tomcat]
2026-06-06 09:53:30.899 [main] [] INFO  o.a.catalina.core.StandardEngine - Starting Servlet engine: [Apache Tomcat/10.1.18]
2026-06-06 09:53:30.989 [main] [] INFO  o.a.c.c.C.[Tomcat].[localhost].[/] - Initializing Spring embedded WebApplicationContext
2026-06-06 09:53:30.991 [main] [] INFO  o.s.b.w.s.c.ServletWebServerApplicationContext - Root WebApplicationContext: initialization completed in 1298 ms
2026-06-06 09:53:32.059 [main] [] INFO  c.x.job.core.executor.XxlJobExecutor - >>>>>>>>>>> xxl-job register jobhandler success, name:demoHandler, jobHandler:com.xxl.job.core.handler.impl.MethodJobHandler@1f6f0fe2[class org.xiaoxu.controller.VerifiedController$$SpringCGLIB$$0#demoHandler]
2026-06-06 09:53:32.059 [main] [] INFO  o.x.factory.HttpClientFactoryBean - FactoryBean.getObject() 被调用，正在创建HttpClient...
2026-06-06 09:53:32.231 [main] [] INFO  o.x.factory.HttpClientFactoryBean - HttpClient 创建完成: jdk.internal.net.http.HttpClientImpl@2e44cb34(1)
2026-06-06 09:53:32.292 [main] [] INFO  o.a.coyote.http11.Http11NioProtocol - Starting ProtocolHandler ["http-nio-25255"]
2026-06-06 09:53:32.312 [main] [] INFO  o.s.b.w.e.tomcat.TomcatWebServer - Tomcat started on port 25255 (http) with context path ''
2026-06-06 09:53:32.324 [main] [] INFO  o.xiaoxu.PracticeServiceApplication - Started PracticeServiceApplication in 3.785 seconds (process running for 4.963)
2026-06-06 09:53:32.717 [Thread-4] [] INFO  com.xxl.job.core.server.EmbedServer - >>>>>>>>>>> xxl-job remoting server start success, nettype = class com.xxl.job.core.server.EmbedServer, port = 9999
2026-06-06 09:53:56.983 [xxl-job, EmbedServer bizThreadPool-1830932367] [] INFO  c.x.job.core.executor.XxlJobExecutor - >>>>>>>>>>> xxl-job regist JobThread success, jobId:1, handler:com.xxl.job.core.handler.impl.MethodJobHandler@1f6f0fe2[class org.xiaoxu.controller.VerifiedController$$SpringCGLIB$$0#demoHandler]
2026-06-06 09:53:56.997 [xxl-job, JobThread-1-1780710836983] [] INFO  o.x.controller.VerifiedController - xxl-job is ready 
2026-06-06 09:53:57.264 [xxl-job, JobThread-1-1780710836983] [] INFO  com.zaxxer.hikari.HikariDataSource - HikariPool-1 - Starting...
2026-06-06 09:53:57.602 [xxl-job, JobThread-1-1780710836983] [] INFO  com.zaxxer.hikari.pool.HikariPool - HikariPool-1 - Added connection com.mysql.cj.jdbc.ConnectionImpl@550864d6
2026-06-06 09:53:57.605 [xxl-job, JobThread-1-1780710836983] [] INFO  com.zaxxer.hikari.HikariDataSource - HikariPool-1 - Start completed.
2026-06-06 09:53:57.656 [xxl-job, JobThread-1-1780710836983] [] INFO  org.xiaoxu.aop.OpLogAspect - [操作日志]方法:VerifiedController.demoHandler, 场景:xxl-job, 耗时:169ms
2026-06-06 09:54:36.999 [xxl-job, JobThread-1-1780710836983] [] INFO  o.x.controller.VerifiedController - xxl-job is ready 
2026-06-06 09:54:37.023 [xxl-job, JobThread-1-1780710836983] [] INFO  org.xiaoxu.aop.OpLogAspect - [操作日志]方法:VerifiedController.demoHandler, 场景:xxl-job, 耗时:0ms
2026-06-06 09:54:37.996 [xxl-job, JobThread-1-1780710836983] [] INFO  o.x.controller.VerifiedController - xxl-job is ready 
2026-06-06 09:54:38.002 [xxl-job, JobThread-1-1780710836983] [] INFO  org.xiaoxu.aop.OpLogAspect - [操作日志]方法:VerifiedController.demoHandler, 场景:xxl-job, 耗时:0ms
2026-06-06 09:54:39.012 [xxl-job, JobThread-1-1780710836983] [] INFO  o.x.controller.VerifiedController - xxl-job is ready 
2026-06-06 09:54:39.019 [xxl-job, JobThread-1-1780710836983] [] INFO  org.xiaoxu.aop.OpLogAspect - [操作日志]方法:VerifiedController.demoHandler, 场景:xxl-job, 耗时:0ms
2026-06-06 09:54:39.995 [xxl-job, JobThread-1-1780710836983] [] INFO  o.x.controller.VerifiedController - xxl-job is ready 
2026-06-06 09:54:40.001 [xxl-job, JobThread-1-1780710836983] [] INFO  org.xiaoxu.aop.OpLogAspect - [操作日志]方法:VerifiedController.demoHandler, 场景:xxl-job, 耗时:0ms
2026-06-06 09:54:41.013 [xxl-job, JobThread-1-1780710836983] [] INFO  o.x.controller.VerifiedController - xxl-job is ready 
2026-06-06 09:54:41.021 [xxl-job, JobThread-1-1780710836983] [] INFO  org.xiaoxu.aop.OpLogAspect - [操作日志]方法:VerifiedController.demoHandler, 场景:xxl-job, 耗时:0ms
2026-06-06 09:54:42.012 [xxl-job, JobThread-1-1780710836983] [] INFO  o.x.controller.VerifiedController - xxl-job is ready 
2026-06-06 09:54:42.019 [xxl-job, JobThread-1-1780710836983] [] INFO  org.xiaoxu.aop.OpLogAspect - [操作日志]方法:VerifiedController.demoHandler, 场景:xxl-job, 耗时:0ms
2026-06-06 09:54:43.012 [xxl-job, JobThread-1-1780710836983] [] INFO  o.x.controller.VerifiedController - xxl-job is ready 
2026-06-06 09:54:43.023 [xxl-job, JobThread-1-1780710836983] [] INFO  org.xiaoxu.aop.OpLogAspect - [操作日志]方法:VerifiedController.demoHandler, 场景:xxl-job, 耗时:2ms
2026-06-06 09:54:44.011 [xxl-job, JobThread-1-1780710836983] [] INFO  o.x.controller.VerifiedController - xxl-job is ready 
2026-06-06 09:54:44.019 [xxl-job, JobThread-1-1780710836983] [] INFO  org.xiaoxu.aop.OpLogAspect - [操作日志]方法:VerifiedController.demoHandler, 场景:xxl-job, 耗时:0ms
2026-06-06 09:54:44.994 [xxl-job, JobThread-1-1780710836983] [] INFO  o.x.controller.VerifiedController - xxl-job is ready 
2026-06-06 09:54:45.001 [xxl-job, JobThread-1-1780710836983] [] INFO  org.xiaoxu.aop.OpLogAspect - [操作日志]方法:VerifiedController.demoHandler, 场景:xxl-job, 耗时:0ms
2026-06-06 09:54:45.993 [xxl-job, JobThread-1-1780710836983] [] INFO  o.x.controller.VerifiedController - xxl-job is ready 
2026-06-06 09:54:46.000 [xxl-job, JobThread-1-1780710836983] [] INFO  org.xiaoxu.aop.OpLogAspect - [操作日志]方法:VerifiedController.demoHandler, 场景:xxl-job, 耗时:0ms
2026-06-06 09:54:46.992 [xxl-job, JobThread-1-1780710836983] [] INFO  o.x.controller.VerifiedController - xxl-job is ready 
2026-06-06 09:54:47.002 [xxl-job, JobThread-1-1780710836983] [] INFO  org.xiaoxu.aop.OpLogAspect - [操作日志]方法:VerifiedController.demoHandler, 场景:xxl-job, 耗时:3ms
2026-06-06 09:54:48.011 [xxl-job, JobThread-1-1780710836983] [] INFO  o.x.controller.VerifiedController - xxl-job is ready 
2026-06-06 09:54:48.020 [xxl-job, JobThread-1-1780710836983] [] INFO  org.xiaoxu.aop.OpLogAspect - [操作日志]方法:VerifiedController.demoHandler, 场景:xxl-job, 耗时:0ms
2026-06-06 09:54:48.995 [xxl-job, JobThread-1-1780710836983] [] INFO  o.x.controller.VerifiedController - xxl-job is ready 
2026-06-06 09:54:49.003 [xxl-job, JobThread-1-1780710836983] [] INFO  org.xiaoxu.aop.OpLogAspect - [操作日志]方法:VerifiedController.demoHandler, 场景:xxl-job, 耗时:1ms
2026-06-06 09:56:22.255 [xxl-job, JobThread-1-1780710836983] [] INFO  com.xxl.job.core.thread.JobThread - >>>>>>>>>>> xxl-job JobThread stoped, hashCode:Thread[xxl-job, JobThread-1-1780710836983,10,main]
2026-06-06 09:56:59.996 [xxl-job, EmbedServer bizThreadPool-762769620] [] INFO  c.x.job.core.executor.XxlJobExecutor - >>>>>>>>>>> xxl-job regist JobThread success, jobId:1, handler:com.xxl.job.core.handler.impl.MethodJobHandler@1f6f0fe2[class org.xiaoxu.controller.VerifiedController$$SpringCGLIB$$0#demoHandler]
2026-06-06 09:56:59.998 [xxl-job, JobThread-1-1780711019996] [] INFO  o.x.controller.VerifiedController - xxl-job is ready 
2026-06-06 09:57:00.027 [xxl-job, JobThread-1-1780711019996] [] INFO  org.xiaoxu.aop.OpLogAspect - [操作日志]方法:VerifiedController.demoHandler, 场景:xxl-job, 耗时:0ms
2026-06-06 09:57:59.998 [xxl-job, JobThread-1-1780711019996] [] INFO  o.x.controller.VerifiedController - xxl-job is ready 
2026-06-06 09:58:00.007 [xxl-job, JobThread-1-1780711019996] [] INFO  org.xiaoxu.aop.OpLogAspect - [操作日志]方法:VerifiedController.demoHandler, 场景:xxl-job, 耗时:1ms
2026-06-06 09:59:00.017 [xxl-job, JobThread-1-1780711019996] [] INFO  o.x.controller.VerifiedController - xxl-job is ready 
2026-06-06 09:59:00.023 [xxl-job, JobThread-1-1780711019996] [] INFO  org.xiaoxu.aop.OpLogAspect - [操作日志]方法:VerifiedController.demoHandler, 场景:xxl-job, 耗时:0ms
2026-06-06 10:00:00.003 [xxl-job, JobThread-1-1780711019996] [] INFO  o.x.controller.VerifiedController - xxl-job is ready 
2026-06-06 10:00:00.013 [xxl-job, JobThread-1-1780711019996] [] INFO  org.xiaoxu.aop.OpLogAspect - [操作日志]方法:VerifiedController.demoHandler, 场景:xxl-job, 耗时:0ms
2026-06-06 10:01:00.003 [xxl-job, JobThread-1-1780711019996] [] INFO  o.x.controller.VerifiedController - xxl-job is ready 
2026-06-06 10:01:00.011 [xxl-job, JobThread-1-1780711019996] [] INFO  org.xiaoxu.aop.OpLogAspect - [操作日志]方法:VerifiedController.demoHandler, 场景:xxl-job, 耗时:0ms
2026-06-06 10:02:00.008 [xxl-job, JobThread-1-1780711019996] [] INFO  o.x.controller.VerifiedController - xxl-job is ready 
2026-06-06 10:02:00.020 [xxl-job, JobThread-1-1780711019996] [] INFO  org.xiaoxu.aop.OpLogAspect - [操作日志]方法:VerifiedController.demoHandler, 场景:xxl-job, 耗时:0ms
2026-06-06 10:03:33.275 [xxl-job, JobThread-1-1780711019996] [] INFO  com.xxl.job.core.thread.JobThread - >>>>>>>>>>> xxl-job JobThread stoped, hashCode:Thread[xxl-job, JobThread-1-1780711019996,10,main]
2026-06-06 10:11:48.302 [Thread-4] [] INFO  com.xxl.job.core.server.EmbedServer - >>>>>>>>>>> xxl-job remoting server stop.
2026-06-06 10:11:48.309 [xxl-job, executor ExecutorRegistryThread] [] INFO  c.x.j.c.t.ExecutorRegistryThread - >>>>>>>>>>> xxl-job registry-remove success, registryParam:RegistryParam{registryGroup='EXECUTOR', registryKey='xxl-job-executor', registryValue='http://192.168.1.2:9999/'}, registryResult:ReturnT [code=200, msg=null, content=null]
2026-06-06 10:11:48.309 [xxl-job, executor ExecutorRegistryThread] [] INFO  c.x.j.c.t.ExecutorRegistryThread - >>>>>>>>>>> xxl-job, executor registry thread destroy.
2026-06-06 10:11:48.309 [SpringApplicationShutdownHook] [] INFO  com.xxl.job.core.server.EmbedServer - >>>>>>>>>>> xxl-job remoting server destroy success.
2026-06-06 10:11:48.309 [xxl-job, executor JobLogFileCleanThread] [] INFO  c.x.j.c.thread.JobLogFileCleanThread - >>>>>>>>>>> xxl-job, executor JobLogFileCleanThread thread destroy.
2026-06-06 10:11:48.309 [xxl-job, executor TriggerCallbackThread] [] INFO  c.x.j.c.thread.TriggerCallbackThread - >>>>>>>>>>> xxl-job, executor callback thread destroy.
2026-06-06 10:11:48.309 [Thread-3] [] INFO  c.x.j.c.thread.TriggerCallbackThread - >>>>>>>>>>> xxl-job, executor retry callback thread destroy.
2026-06-06 10:11:48.312 [SpringApplicationShutdownHook] [] INFO  com.zaxxer.hikari.HikariDataSource - HikariPool-1 - Shutdown initiated...
2026-06-06 10:11:48.325 [SpringApplicationShutdownHook] [] INFO  com.zaxxer.hikari.HikariDataSource - HikariPool-1 - Shutdown completed.
2026-06-06 11:02:52.670 [background-preinit] [] INFO  o.h.validator.internal.util.Version - HV000001: Hibernate Validator 8.0.1.Final
2026-06-06 11:02:52.730 [main] [] INFO  o.xiaoxu.PracticeServiceApplication - Starting PracticeServiceApplication using Java 17.0.12 with PID 48992 (E:\programs\java_arsenal\spring-practice-service\target\classes started by tingq in E:\programs\java_arsenal)
2026-06-06 11:02:52.732 [main] [] INFO  o.xiaoxu.PracticeServiceApplication - No active profile set, falling back to 1 default profile: "default"
2026-06-06 11:02:54.070 [main] [] INFO  o.s.d.r.c.RepositoryConfigurationDelegate - Multiple Spring Data modules found, entering strict repository configuration mode
2026-06-06 11:02:54.074 [main] [] INFO  o.s.d.r.c.RepositoryConfigurationDelegate - Bootstrapping Spring Data Redis repositories in DEFAULT mode.
2026-06-06 11:02:54.128 [main] [] INFO  o.s.d.r.c.RepositoryConfigurationDelegate - Finished Spring Data repository scanning in 23 ms. Found 0 Redis repository interfaces.
2026-06-06 11:02:54.473 [main] [] WARN  o.s.c.s.PostProcessorRegistrationDelegate$BeanPostProcessorChecker - Bean 'com.alicp.jetcache.anno.config.JetCacheProxyConfiguration' of type [com.alicp.jetcache.anno.config.JetCacheProxyConfiguration$$SpringCGLIB$$0] is not eligible for getting processed by all BeanPostProcessors (for example: not eligible for auto-proxying). Is this bean getting eagerly injected into a currently created BeanPostProcessor [proxyBeanPostProcessor]? Check the corresponding BeanPostProcessor declaration and its dependencies.
2026-06-06 11:02:54.583 [main] [] WARN  o.s.c.s.PostProcessorRegistrationDelegate$BeanPostProcessorChecker - Bean 'com.alicp.jetcache.anno.config.CommonConfiguration' of type [com.alicp.jetcache.anno.config.CommonConfiguration$$SpringCGLIB$$0] is not eligible for getting processed by all BeanPostProcessors (for example: not eligible for auto-proxying). Is this bean getting eagerly injected into a currently created BeanPostProcessor [proxyBeanPostProcessor]? Check the corresponding BeanPostProcessor declaration and its dependencies.
2026-06-06 11:02:55.338 [main] [] INFO  o.s.b.w.e.tomcat.TomcatWebServer - Tomcat initialized with port 25255 (http)
2026-06-06 11:02:55.349 [main] [] INFO  o.a.coyote.http11.Http11NioProtocol - Initializing ProtocolHandler ["http-nio-25255"]
2026-06-06 11:02:55.354 [main] [] INFO  o.a.catalina.core.StandardService - Starting service [Tomcat]
2026-06-06 11:02:55.354 [main] [] INFO  o.a.catalina.core.StandardEngine - Starting Servlet engine: [Apache Tomcat/10.1.18]
2026-06-06 11:02:55.462 [main] [] INFO  o.a.c.c.C.[Tomcat].[localhost].[/] - Initializing Spring embedded WebApplicationContext
2026-06-06 11:02:55.462 [main] [] INFO  o.s.b.w.s.c.ServletWebServerApplicationContext - Root WebApplicationContext: initialization completed in 2438 ms
2026-06-06 11:02:56.188 [main] [] INFO  org.redisson.Version - Redisson 3.24.3
2026-06-06 11:03:01.230 [main] [] WARN  o.s.b.w.s.c.AnnotationConfigServletWebServerApplicationContext - Exception encountered during context initialization - cancelling refresh attempt: org.springframework.beans.factory.UnsatisfiedDependencyException: Error creating bean with name 'signInController': Unsatisfied dependency expressed through field 'userPointService': Error creating bean with name 'userPointServiceImpl' defined in file [E:\programs\java_arsenal\spring-practice-service\target\classes\org\xiaoxu\service\impl\UserPointServiceImpl.class]: Unsatisfied dependency expressed through constructor parameter 1: Error creating bean with name 'stringRedisTemplate' defined in class path resource [org/redisson/spring/starter/RedissonAutoConfigurationV2.class]: Unsatisfied dependency expressed through method 'stringRedisTemplate' parameter 0: Error creating bean with name 'redissonConnectionFactory' defined in class path resource [org/redisson/spring/starter/RedissonAutoConfigurationV2.class]: Unsatisfied dependency expressed through method 'redissonConnectionFactory' parameter 0: Error creating bean with name 'redisson' defined in class path resource [org/redisson/spring/starter/RedissonAutoConfigurationV2.class]: Failed to instantiate [org.redisson.api.RedissonClient]: Factory method 'redisson' threw exception with message: Unable to connect to Redis server: 192.168.200.128/192.168.200.128:6379
2026-06-06 11:03:01.233 [main] [] INFO  o.a.catalina.core.StandardService - Stopping service [Tomcat]
2026-06-06 11:03:01.266 [main] [] INFO  o.s.b.a.l.ConditionEvaluationReportLogger - 

Error starting ApplicationContext. To display the condition evaluation report re-run your application with 'debug' enabled.
2026-06-06 11:03:01.285 [main] [] ERROR o.s.boot.SpringApplication - Application run failed
org.springframework.beans.factory.UnsatisfiedDependencyException: Error creating bean with name 'signInController': Unsatisfied dependency expressed through field 'userPointService': Error creating bean with name 'userPointServiceImpl' defined in file [E:\programs\java_arsenal\spring-practice-service\target\classes\org\xiaoxu\service\impl\UserPointServiceImpl.class]: Unsatisfied dependency expressed through constructor parameter 1: Error creating bean with name 'stringRedisTemplate' defined in class path resource [org/redisson/spring/starter/RedissonAutoConfigurationV2.class]: Unsatisfied dependency expressed through method 'stringRedisTemplate' parameter 0: Error creating bean with name 'redissonConnectionFactory' defined in class path resource [org/redisson/spring/starter/RedissonAutoConfigurationV2.class]: Unsatisfied dependency expressed through method 'redissonConnectionFactory' parameter 0: Error creating bean with name 'redisson' defined in class path resource [org/redisson/spring/starter/RedissonAutoConfigurationV2.class]: Failed to instantiate [org.redisson.api.RedissonClient]: Factory method 'redisson' threw exception with message: Unable to connect to Redis server: 192.168.200.128/192.168.200.128:6379
	at org.springframework.beans.factory.annotation.AutowiredAnnotationBeanPostProcessor$AutowiredFieldElement.resolveFieldValue(AutowiredAnnotationBeanPostProcessor.java:787)
	at org.springframework.beans.factory.annotation.AutowiredAnnotationBeanPostProcessor$AutowiredFieldElement.inject(AutowiredAnnotationBeanPostProcessor.java:767)
	at org.springframework.beans.factory.annotation.InjectionMetadata.inject(InjectionMetadata.java:145)
	at org.springframework.beans.factory.annotation.AutowiredAnnotationBeanPostProcessor.postProcessProperties(AutowiredAnnotationBeanPostProcessor.java:508)
	at org.springframework.beans.factory.support.AbstractAutowireCapableBeanFactory.populateBean(AbstractAutowireCapableBeanFactory.java:1418)
	at org.springframework.beans.factory.support.AbstractAutowireCapableBeanFactory.doCreateBean(AbstractAutowireCapableBeanFactory.java:598)
	at org.springframework.beans.factory.support.AbstractAutowireCapableBeanFactory.createBean(AbstractAutowireCapableBeanFactory.java:521)
	at org.springframework.beans.factory.support.AbstractBeanFactory.lambda$doGetBean$0(AbstractBeanFactory.java:325)
	at org.springframework.beans.factory.support.DefaultSingletonBeanRegistry.getSingleton(DefaultSingletonBeanRegistry.java:234)
	at org.springframework.beans.factory.support.AbstractBeanFactory.doGetBean(AbstractBeanFactory.java:323)
	at org.springframework.beans.factory.support.AbstractBeanFactory.getBean(AbstractBeanFactory.java:199)
	at org.springframework.beans.factory.support.DefaultListableBeanFactory.preInstantiateSingletons(DefaultListableBeanFactory.java:975)
	at org.springframework.context.support.AbstractApplicationContext.finishBeanFactoryInitialization(AbstractApplicationContext.java:959)
	at org.springframework.context.support.AbstractApplicationContext.refresh(AbstractApplicationContext.java:624)
	at org.springframework.boot.web.servlet.context.ServletWebServerApplicationContext.refresh(ServletWebServerApplicationContext.java:146)
	at org.springframework.boot.SpringApplication.refresh(SpringApplication.java:754)
	at org.springframework.boot.SpringApplication.refreshContext(SpringApplication.java:456)
	at org.springframework.boot.SpringApplication.run(SpringApplication.java:334)
	at org.springframework.boot.SpringApplication.run(SpringApplication.java:1354)
	at org.springframework.boot.SpringApplication.run(SpringApplication.java:1343)
	at org.xiaoxu.PracticeServiceApplication.main(PracticeServiceApplication.java:24)
Caused by: org.springframework.beans.factory.UnsatisfiedDependencyException: Error creating bean with name 'userPointServiceImpl' defined in file [E:\programs\java_arsenal\spring-practice-service\target\classes\org\xiaoxu\service\impl\UserPointServiceImpl.class]: Unsatisfied dependency expressed through constructor parameter 1: Error creating bean with name 'stringRedisTemplate' defined in class path resource [org/redisson/spring/starter/RedissonAutoConfigurationV2.class]: Unsatisfied dependency expressed through method 'stringRedisTemplate' parameter 0: Error creating bean with name 'redissonConnectionFactory' defined in class path resource [org/redisson/spring/starter/RedissonAutoConfigurationV2.class]: Unsatisfied dependency expressed through method 'redissonConnectionFactory' parameter 0: Error creating bean with name 'redisson' defined in class path resource [org/redisson/spring/starter/RedissonAutoConfigurationV2.class]: Failed to instantiate [org.redisson.api.RedissonClient]: Factory method 'redisson' threw exception with message: Unable to connect to Redis server: 192.168.200.128/192.168.200.128:6379
	at org.springframework.beans.factory.support.ConstructorResolver.createArgumentArray(ConstructorResolver.java:798)
	at org.springframework.beans.factory.support.ConstructorResolver.autowireConstructor(ConstructorResolver.java:237)
	at org.springframework.beans.factory.support.AbstractAutowireCapableBeanFactory.autowireConstructor(AbstractAutowireCapableBeanFactory.java:1354)
	at org.springframework.beans.factory.support.AbstractAutowireCapableBeanFactory.createBeanInstance(AbstractAutowireCapableBeanFactory.java:1191)
	at org.springframework.beans.factory.support.AbstractAutowireCapableBeanFactory.doCreateBean(AbstractAutowireCapableBeanFactory.java:561)
	at org.springframework.beans.factory.support.AbstractAutowireCapableBeanFactory.createBean(AbstractAutowireCapableBeanFactory.java:521)
	at org.springframework.beans.factory.support.AbstractBeanFactory.lambda$doGetBean$0(AbstractBeanFactory.java:325)
	at org.springframework.beans.factory.support.DefaultSingletonBeanRegistry.getSingleton(DefaultSingletonBeanRegistry.java:234)
	at org.springframework.beans.factory.support.AbstractBeanFactory.doGetBean(AbstractBeanFactory.java:323)
	at org.springframework.beans.factory.support.AbstractBeanFactory.getBean(AbstractBeanFactory.java:199)
	at org.springframework.beans.factory.config.DependencyDescriptor.resolveCandidate(DependencyDescriptor.java:254)
	at org.springframework.beans.factory.support.DefaultListableBeanFactory.doResolveDependency(DefaultListableBeanFactory.java:1443)
	at org.springframework.beans.factory.support.DefaultListableBeanFactory.resolveDependency(DefaultListableBeanFactory.java:1353)
	at org.springframework.beans.factory.annotation.AutowiredAnnotationBeanPostProcessor$AutowiredFieldElement.resolveFieldValue(AutowiredAnnotationBeanPostProcessor.java:784)
	... 20 common frames omitted
Caused by: org.springframework.beans.factory.UnsatisfiedDependencyException: Error creating bean with name 'stringRedisTemplate' defined in class path resource [org/redisson/spring/starter/RedissonAutoConfigurationV2.class]: Unsatisfied dependency expressed through method 'stringRedisTemplate' parameter 0: Error creating bean with name 'redissonConnectionFactory' defined in class path resource [org/redisson/spring/starter/RedissonAutoConfigurationV2.class]: Unsatisfied dependency expressed through method 'redissonConnectionFactory' parameter 0: Error creating bean with name 'redisson' defined in class path resource [org/redisson/spring/starter/RedissonAutoConfigurationV2.class]: Failed to instantiate [org.redisson.api.RedissonClient]: Factory method 'redisson' threw exception with message: Unable to connect to Redis server: 192.168.200.128/192.168.200.128:6379
	at org.springframework.beans.factory.support.ConstructorResolver.createArgumentArray(ConstructorResolver.java:798)
	at org.springframework.beans.factory.support.ConstructorResolver.instantiateUsingFactoryMethod(ConstructorResolver.java:542)
	at org.springframework.beans.factory.support.AbstractAutowireCapableBeanFactory.instantiateUsingFactoryMethod(AbstractAutowireCapableBeanFactory.java:1334)
	at org.springframework.beans.factory.support.AbstractAutowireCapableBeanFactory.createBeanInstance(AbstractAutowireCapableBeanFactory.java:1164)
	at org.springframework.beans.factory.support.AbstractAutowireCapableBeanFactory.doCreateBean(AbstractAutowireCapableBeanFactory.java:561)
	at org.springframework.beans.factory.support.AbstractAutowireCapableBeanFactory.createBean(AbstractAutowireCapableBeanFactory.java:521)
	at org.springframework.beans.factory.support.AbstractBeanFactory.lambda$doGetBean$0(AbstractBeanFactory.java:325)
	at org.springframework.beans.factory.support.DefaultSingletonBeanRegistry.getSingleton(DefaultSingletonBeanRegistry.java:234)
	at org.springframework.beans.factory.support.AbstractBeanFactory.doGetBean(AbstractBeanFactory.java:323)
	at org.springframework.beans.factory.support.AbstractBeanFactory.getBean(AbstractBeanFactory.java:199)
	at org.springframework.beans.factory.config.DependencyDescriptor.resolveCandidate(DependencyDescriptor.java:254)
	at org.springframework.beans.factory.support.DefaultListableBeanFactory.doResolveDependency(DefaultListableBeanFactory.java:1443)
	at org.springframework.beans.factory.support.DefaultListableBeanFactory.resolveDependency(DefaultListableBeanFactory.java:1353)
	at org.springframework.beans.factory.support.ConstructorResolver.resolveAutowiredArgument(ConstructorResolver.java:907)
	at org.springframework.beans.factory.support.ConstructorResolver.createArgumentArray(ConstructorResolver.java:785)
	... 33 common frames omitted
Caused by: org.springframework.beans.factory.UnsatisfiedDependencyException: Error creating bean with name 'redissonConnectionFactory' defined in class path resource [org/redisson/spring/starter/RedissonAutoConfigurationV2.class]: Unsatisfied dependency expressed through method 'redissonConnectionFactory' parameter 0: Error creating bean with name 'redisson' defined in class path resource [org/redisson/spring/starter/RedissonAutoConfigurationV2.class]: Failed to instantiate [org.redisson.api.RedissonClient]: Factory method 'redisson' threw exception with message: Unable to connect to Redis server: 192.168.200.128/192.168.200.128:6379
	at org.springframework.beans.factory.support.ConstructorResolver.createArgumentArray(ConstructorResolver.java:798)
	at org.springframework.beans.factory.support.ConstructorResolver.instantiateUsingFactoryMethod(ConstructorResolver.java:542)
	at org.springframework.beans.factory.support.AbstractAutowireCapableBeanFactory.instantiateUsingFactoryMethod(AbstractAutowireCapableBeanFactory.java:1334)
	at org.springframework.beans.factory.support.AbstractAutowireCapableBeanFactory.createBeanInstance(AbstractAutowireCapableBeanFactory.java:1164)
	at org.springframework.beans.factory.support.AbstractAutowireCapableBeanFactory.doCreateBean(AbstractAutowireCapableBeanFactory.java:561)
	at org.springframework.beans.factory.support.AbstractAutowireCapableBeanFactory.createBean(AbstractAutowireCapableBeanFactory.java:521)
	at org.springframework.beans.factory.support.AbstractBeanFactory.lambda$doGetBean$0(AbstractBeanFactory.java:325)
	at org.springframework.beans.factory.support.DefaultSingletonBeanRegistry.getSingleton(DefaultSingletonBeanRegistry.java:234)
	at org.springframework.beans.factory.support.AbstractBeanFactory.doGetBean(AbstractBeanFactory.java:323)
	at org.springframework.beans.factory.support.AbstractBeanFactory.getBean(AbstractBeanFactory.java:199)
	at org.springframework.beans.factory.config.DependencyDescriptor.resolveCandidate(DependencyDescriptor.java:254)
	at org.springframework.beans.factory.support.DefaultListableBeanFactory.doResolveDependency(DefaultListableBeanFactory.java:1443)
	at org.springframework.beans.factory.support.DefaultListableBeanFactory.resolveDependency(DefaultListableBeanFactory.java:1353)
	at org.springframework.beans.factory.support.ConstructorResolver.resolveAutowiredArgument(ConstructorResolver.java:907)
	at org.springframework.beans.factory.support.ConstructorResolver.createArgumentArray(ConstructorResolver.java:785)
	... 47 common frames omitted
Caused by: org.springframework.beans.factory.BeanCreationException: Error creating bean with name 'redisson' defined in class path resource [org/redisson/spring/starter/RedissonAutoConfigurationV2.class]: Failed to instantiate [org.redisson.api.RedissonClient]: Factory method 'redisson' threw exception with message: Unable to connect to Redis server: 192.168.200.128/192.168.200.128:6379
	at org.springframework.beans.factory.support.ConstructorResolver.instantiate(ConstructorResolver.java:651)
	at org.springframework.beans.factory.support.ConstructorResolver.instantiateUsingFactoryMethod(ConstructorResolver.java:485)
	at org.springframework.beans.factory.support.AbstractAutowireCapableBeanFactory.instantiateUsingFactoryMethod(AbstractAutowireCapableBeanFactory.java:1334)
	at org.springframework.beans.factory.support.AbstractAutowireCapableBeanFactory.createBeanInstance(AbstractAutowireCapableBeanFactory.java:1164)
	at org.springframework.beans.factory.support.AbstractAutowireCapableBeanFactory.doCreateBean(AbstractAutowireCapableBeanFactory.java:561)
	at org.springframework.beans.factory.support.AbstractAutowireCapableBeanFactory.createBean(AbstractAutowireCapableBeanFactory.java:521)
	at org.springframework.beans.factory.support.AbstractBeanFactory.lambda$doGetBean$0(AbstractBeanFactory.java:325)
	at org.springframework.beans.factory.support.DefaultSingletonBeanRegistry.getSingleton(DefaultSingletonBeanRegistry.java:234)
	at org.springframework.beans.factory.support.AbstractBeanFactory.doGetBean(AbstractBeanFactory.java:323)
	at org.springframework.beans.factory.support.AbstractBeanFactory.getBean(AbstractBeanFactory.java:199)
	at org.springframework.beans.factory.config.DependencyDescriptor.resolveCandidate(DependencyDescriptor.java:254)
	at org.springframework.beans.factory.support.DefaultListableBeanFactory.doResolveDependency(DefaultListableBeanFactory.java:1443)
	at org.springframework.beans.factory.support.DefaultListableBeanFactory.resolveDependency(DefaultListableBeanFactory.java:1353)
	at org.springframework.beans.factory.support.ConstructorResolver.resolveAutowiredArgument(ConstructorResolver.java:907)
	at org.springframework.beans.factory.support.ConstructorResolver.createArgumentArray(ConstructorResolver.java:785)
	... 61 common frames omitted
Caused by: org.springframework.beans.BeanInstantiationException: Failed to instantiate [org.redisson.api.RedissonClient]: Factory method 'redisson' threw exception with message: Unable to connect to Redis server: 192.168.200.128/192.168.200.128:6379
	at org.springframework.beans.factory.support.SimpleInstantiationStrategy.instantiate(SimpleInstantiationStrategy.java:177)
	at org.springframework.beans.factory.support.ConstructorResolver.instantiate(ConstructorResolver.java:647)
	... 75 common frames omitted
Caused by: org.redisson.client.RedisConnectionException: Unable to connect to Redis server: 192.168.200.128/192.168.200.128:6379
	at org.redisson.connection.pool.ConnectionPool.lambda$createConnection$0(ConnectionPool.java:129)
	at java.base/java.util.concurrent.CompletableFuture.uniWhenComplete(CompletableFuture.java:863)
	at java.base/java.util.concurrent.CompletableFuture$UniWhenComplete.tryFire$$$capture(CompletableFuture.java:841)
	at java.base/java.util.concurrent.CompletableFuture$UniWhenComplete.tryFire(CompletableFuture.java)
	at java.base/java.util.concurrent.CompletableFuture.postComplete(CompletableFuture.java:510)
	at java.base/java.util.concurrent.CompletableFuture.completeExceptionally(CompletableFuture.java:2162)
	at org.redisson.connection.pool.ConnectionPool.promiseFailure(ConnectionPool.java:281)
	at org.redisson.connection.pool.ConnectionPool.lambda$createConnection$6(ConnectionPool.java:245)
	at java.base/java.util.concurrent.CompletableFuture.uniWhenComplete(CompletableFuture.java:863)
	at java.base/java.util.concurrent.CompletableFuture$UniWhenComplete.tryFire$$$capture(CompletableFuture.java:841)
	at java.base/java.util.concurrent.CompletableFuture$UniWhenComplete.tryFire(CompletableFuture.java)
	at java.base/java.util.concurrent.CompletableFuture.postComplete(CompletableFuture.java:510)
	at java.base/java.util.concurrent.CompletableFuture.completeExceptionally(CompletableFuture.java:2162)
	at org.redisson.client.RedisClient$1$1.run(RedisClient.java:301)
	at io.netty.util.concurrent.AbstractEventExecutor.runTask(AbstractEventExecutor.java:173)
	at io.netty.util.concurrent.AbstractEventExecutor.safeExecute$$$capture(AbstractEventExecutor.java:166)
	at io.netty.util.concurrent.AbstractEventExecutor.safeExecute(AbstractEventExecutor.java)
	at io.netty.util.concurrent.SingleThreadEventExecutor.runAllTasks(SingleThreadEventExecutor.java:470)
	at io.netty.channel.nio.NioEventLoop.run(NioEventLoop.java:569)
	at io.netty.util.concurrent.SingleThreadEventExecutor$4.run(SingleThreadEventExecutor.java:997)
	at io.netty.util.internal.ThreadExecutorMap$2.run(ThreadExecutorMap.java:74)
	at io.netty.util.concurrent.FastThreadLocalRunnable.run(FastThreadLocalRunnable.java:30)
	at java.base/java.lang.Thread.run(Thread.java:842)
Caused by: java.util.concurrent.CompletionException: org.redisson.client.RedisException: WRONGPASS invalid username-password pair or user is disabled.. channel: [id: 0x8e73b7bd, L:/192.168.200.1:6445 - R:192.168.200.128/192.168.200.128:6379] command: (AUTH), params: (password masked)
	at java.base/java.util.concurrent.CompletableFuture.encodeRelay(CompletableFuture.java:368)
	at java.base/java.util.concurrent.CompletableFuture.completeRelay(CompletableFuture.java:377)
	at java.base/java.util.concurrent.CompletableFuture$UniRelay.tryFire(CompletableFuture.java:1097)
	at java.base/java.util.concurrent.CompletableFuture.postComplete(CompletableFuture.java:510)
	at java.base/java.util.concurrent.CompletableFuture.completeExceptionally(CompletableFuture.java:2162)
	at org.redisson.client.protocol.CommandData.tryFailure(CommandData.java:87)
	at org.redisson.client.handler.CommandDecoder.decode(CommandDecoder.java:381)
	at org.redisson.client.handler.CommandDecoder.decodeCommand(CommandDecoder.java:205)
	at org.redisson.client.handler.CommandDecoder.decode(CommandDecoder.java:144)
	at org.redisson.client.handler.CommandDecoder.decode(CommandDecoder.java:120)
	at io.netty.handler.codec.ByteToMessageDecoder.decodeRemovalReentryProtection(ByteToMessageDecoder.java:529)
	at io.netty.handler.codec.ReplayingDecoder.callDecode(ReplayingDecoder.java:366)
	at io.netty.handler.codec.ByteToMessageDecoder.channelRead(ByteToMessageDecoder.java:290)
	at io.netty.channel.AbstractChannelHandlerContext.invokeChannelRead(AbstractChannelHandlerContext.java:444)
	at io.netty.channel.AbstractChannelHandlerContext.invokeChannelRead(AbstractChannelHandlerContext.java:420)
	at io.netty.channel.AbstractChannelHandlerContext.fireChannelRead(AbstractChannelHandlerContext.java:412)
	at io.netty.channel.DefaultChannelPipeline$HeadContext.channelRead(DefaultChannelPipeline.java:1410)
	at io.netty.channel.AbstractChannelHandlerContext.invokeChannelRead(AbstractChannelHandlerContext.java:440)
	at io.netty.channel.AbstractChannelHandlerContext.invokeChannelRead(AbstractChannelHandlerContext.java:420)
	at io.netty.channel.DefaultChannelPipeline.fireChannelRead(DefaultChannelPipeline.java:919)
	at io.netty.channel.nio.AbstractNioByteChannel$NioByteUnsafe.read(AbstractNioByteChannel.java:166)
	at io.netty.channel.nio.NioEventLoop.processSelectedKey(NioEventLoop.java:788)
	at io.netty.channel.nio.NioEventLoop.processSelectedKeysOptimized(NioEventLoop.java:724)
	at io.netty.channel.nio.NioEventLoop.processSelectedKeys(NioEventLoop.java:650)
	at io.netty.channel.nio.NioEventLoop.run(NioEventLoop.java:562)
	... 4 common frames omitted
Caused by: org.redisson.client.RedisException: WRONGPASS invalid username-password pair or user is disabled.. channel: [id: 0x8e73b7bd, L:/192.168.200.1:6445 - R:192.168.200.128/192.168.200.128:6379] command: (AUTH), params: (password masked)
	... 23 common frames omitted
2026-06-06 11:03:51.687 [background-preinit] [] INFO  o.h.validator.internal.util.Version - HV000001: Hibernate Validator 8.0.1.Final
2026-06-06 11:03:51.751 [main] [] INFO  o.xiaoxu.PracticeServiceApplication - Starting PracticeServiceApplication using Java 17.0.12 with PID 27804 (E:\programs\java_arsenal\spring-practice-service\target\classes started by tingq in E:\programs\java_arsenal)
2026-06-06 11:03:51.752 [main] [] INFO  o.xiaoxu.PracticeServiceApplication - No active profile set, falling back to 1 default profile: "default"
2026-06-06 11:03:52.733 [main] [] INFO  o.s.d.r.c.RepositoryConfigurationDelegate - Multiple Spring Data modules found, entering strict repository configuration mode
2026-06-06 11:03:52.737 [main] [] INFO  o.s.d.r.c.RepositoryConfigurationDelegate - Bootstrapping Spring Data Redis repositories in DEFAULT mode.
2026-06-06 11:03:52.775 [main] [] INFO  o.s.d.r.c.RepositoryConfigurationDelegate - Finished Spring Data repository scanning in 22 ms. Found 0 Redis repository interfaces.
2026-06-06 11:03:53.549 [main] [] INFO  o.s.b.w.e.tomcat.TomcatWebServer - Tomcat initialized with port 25255 (http)
2026-06-06 11:03:53.561 [main] [] INFO  o.a.coyote.http11.Http11NioProtocol - Initializing ProtocolHandler ["http-nio-25255"]
2026-06-06 11:03:53.564 [main] [] INFO  o.a.catalina.core.StandardService - Starting service [Tomcat]
2026-06-06 11:03:53.564 [main] [] INFO  o.a.catalina.core.StandardEngine - Starting Servlet engine: [Apache Tomcat/10.1.18]
2026-06-06 11:03:53.658 [main] [] INFO  o.a.c.c.C.[Tomcat].[localhost].[/] - Initializing Spring embedded WebApplicationContext
2026-06-06 11:03:53.658 [main] [] INFO  o.s.b.w.s.c.ServletWebServerApplicationContext - Root WebApplicationContext: initialization completed in 1559 ms
2026-06-06 11:03:55.138 [main] [] INFO  c.x.job.core.executor.XxlJobExecutor - >>>>>>>>>>> xxl-job register jobhandler success, name:demoHandler, jobHandler:com.xxl.job.core.handler.impl.MethodJobHandler@35d3202b[class org.xiaoxu.controller.VerifiedController$$SpringCGLIB$$0#demoHandler]
2026-06-06 11:03:55.138 [main] [] INFO  o.x.factory.HttpClientFactoryBean - FactoryBean.getObject() 被调用，正在创建HttpClient...
2026-06-06 11:03:55.280 [main] [] INFO  o.x.factory.HttpClientFactoryBean - HttpClient 创建完成: jdk.internal.net.http.HttpClientImpl@77978658(1)
2026-06-06 11:03:55.335 [main] [] INFO  o.a.coyote.http11.Http11NioProtocol - Starting ProtocolHandler ["http-nio-25255"]
2026-06-06 11:03:55.352 [main] [] INFO  o.s.b.w.e.tomcat.TomcatWebServer - Tomcat started on port 25255 (http) with context path ''
2026-06-06 11:03:55.362 [main] [] INFO  o.xiaoxu.PracticeServiceApplication - Started PracticeServiceApplication in 4.399 seconds (process running for 5.53)
2026-06-06 11:03:55.592 [Thread-4] [] INFO  com.xxl.job.core.server.EmbedServer - >>>>>>>>>>> xxl-job remoting server start success, nettype = class com.xxl.job.core.server.EmbedServer, port = 9999
2026-06-06 11:05:27.156 [http-nio-25255-exec-2] [] INFO  o.a.c.c.C.[Tomcat].[localhost].[/] - Initializing Spring DispatcherServlet 'dispatcherServlet'
2026-06-06 11:05:27.156 [http-nio-25255-exec-2] [] INFO  o.s.web.servlet.DispatcherServlet - Initializing Servlet 'dispatcherServlet'
2026-06-06 11:05:27.158 [http-nio-25255-exec-2] [] INFO  o.s.web.servlet.DispatcherServlet - Completed initialization in 2 ms
2026-06-06 11:05:27.164 [http-nio-25255-exec-2] [91e2412d] INFO  org.xiaoxu.filter.RequestLogFilter - 请求进入 | POST /sign/1
2026-06-06 11:05:27.183 [http-nio-25255-exec-2] [91e2412d] INFO  o.x.interceptor.TimeCostInterceptor - 【2-Interceptor】前置 | 目标方法: SignInController.signIn
2026-06-06 11:05:27.210 [http-nio-25255-exec-2] [91e2412d] INFO  com.zaxxer.hikari.HikariDataSource - HikariPool-1 - Starting...
2026-06-06 11:05:27.490 [http-nio-25255-exec-2] [91e2412d] INFO  com.zaxxer.hikari.pool.HikariPool - HikariPool-1 - Added connection com.mysql.cj.jdbc.ConnectionImpl@6173e91a
2026-06-06 11:05:27.491 [http-nio-25255-exec-2] [91e2412d] INFO  com.zaxxer.hikari.HikariDataSource - HikariPool-1 - Start completed.
2026-06-06 11:05:27.902 [http-nio-25255-exec-2] [91e2412d] ERROR o.x.handler.GlobalExceptionHandler - 系统异常
org.springframework.data.redis.RedisConnectionFailureException: Unable to connect to Redis
	at org.springframework.data.redis.connection.lettuce.LettuceConnectionFactory$ExceptionTranslatingConnectionProvider.translateException(LettuceConnectionFactory.java:1805)
	at org.springframework.data.redis.connection.lettuce.LettuceConnectionFactory$ExceptionTranslatingConnectionProvider.getConnection(LettuceConnectionFactory.java:1736)
	at org.springframework.data.redis.connection.lettuce.LettuceConnectionFactory$SharedConnection.getNativeConnection(LettuceConnectionFactory.java:1538)
	at org.springframework.data.redis.connection.lettuce.LettuceConnectionFactory$SharedConnection.lambda$getConnection$0(LettuceConnectionFactory.java:1518)
	at org.springframework.data.redis.connection.lettuce.LettuceConnectionFactory.doInLock(LettuceConnectionFactory.java:1478)
	at org.springframework.data.redis.connection.lettuce.LettuceConnectionFactory$SharedConnection.getConnection(LettuceConnectionFactory.java:1515)
	at org.springframework.data.redis.connection.lettuce.LettuceConnectionFactory.getSharedConnection(LettuceConnectionFactory.java:1199)
	at org.springframework.data.redis.connection.lettuce.LettuceConnectionFactory.getConnection(LettuceConnectionFactory.java:1006)
	at org.springframework.data.redis.core.RedisConnectionUtils.fetchConnection(RedisConnectionUtils.java:194)
	at org.springframework.data.redis.core.RedisConnectionUtils.doGetConnection(RedisConnectionUtils.java:143)
	at org.springframework.data.redis.core.RedisConnectionUtils.getConnection(RedisConnectionUtils.java:104)
	at org.springframework.data.redis.core.RedisTemplate.execute(RedisTemplate.java:393)
	at org.springframework.data.redis.core.RedisTemplate.execute(RedisTemplate.java:373)
	at org.springframework.data.redis.core.AbstractOperations.execute(AbstractOperations.java:97)
	at org.springframework.data.redis.core.DefaultValueOperations.getBit(DefaultValueOperations.java:353)
	at org.xiaoxu.service.impl.UserPointServiceImpl.signIn(UserPointServiceImpl.java:46)
	at java.base/jdk.internal.reflect.NativeMethodAccessorImpl.invoke0(Native Method)
	at java.base/jdk.internal.reflect.NativeMethodAccessorImpl.invoke(NativeMethodAccessorImpl.java:77)
	at java.base/jdk.internal.reflect.DelegatingMethodAccessorImpl.invoke(DelegatingMethodAccessorImpl.java:43)
	at java.base/java.lang.reflect.Method.invoke(Method.java:568)
	at org.springframework.aop.support.AopUtils.invokeJoinpointUsingReflection(AopUtils.java:351)
	at org.springframework.aop.framework.ReflectiveMethodInvocation.invokeJoinpoint(ReflectiveMethodInvocation.java:196)
	at org.springframework.aop.framework.ReflectiveMethodInvocation.proceed(ReflectiveMethodInvocation.java:163)
	at org.springframework.aop.framework.CglibAopProxy$CglibMethodInvocation.proceed(CglibAopProxy.java:765)
	at org.springframework.transaction.interceptor.TransactionInterceptor$1.proceedWithInvocation(TransactionInterceptor.java:123)
	at org.springframework.transaction.interceptor.TransactionAspectSupport.invokeWithinTransaction(TransactionAspectSupport.java:385)
	at org.springframework.transaction.interceptor.TransactionInterceptor.invoke(TransactionInterceptor.java:119)
	at org.springframework.aop.framework.ReflectiveMethodInvocation.proceed(ReflectiveMethodInvocation.java:184)
	at org.springframework.aop.framework.CglibAopProxy$CglibMethodInvocation.proceed(CglibAopProxy.java:765)
	at org.springframework.aop.framework.CglibAopProxy$DynamicAdvisedInterceptor.intercept(CglibAopProxy.java:717)
	at org.xiaoxu.service.impl.UserPointServiceImpl$$SpringCGLIB$$0.signIn(<generated>)
	at org.xiaoxu.controller.SignInController.signIn(SignInController.java:20)
	at java.base/jdk.internal.reflect.NativeMethodAccessorImpl.invoke0(Native Method)
	at java.base/jdk.internal.reflect.NativeMethodAccessorImpl.invoke(NativeMethodAccessorImpl.java:77)
	at java.base/jdk.internal.reflect.DelegatingMethodAccessorImpl.invoke(DelegatingMethodAccessorImpl.java:43)
	at java.base/java.lang.reflect.Method.invoke(Method.java:568)
	at org.springframework.web.method.support.InvocableHandlerMethod.doInvoke(InvocableHandlerMethod.java:261)
	at org.springframework.web.method.support.InvocableHandlerMethod.invokeForRequest(InvocableHandlerMethod.java:189)
	at org.springframework.web.servlet.mvc.method.annotation.ServletInvocableHandlerMethod.invokeAndHandle(ServletInvocableHandlerMethod.java:118)
	at org.springframework.web.servlet.mvc.method.annotation.RequestMappingHandlerAdapter.invokeHandlerMethod(RequestMappingHandlerAdapter.java:917)
	at org.springframework.web.servlet.mvc.method.annotation.RequestMappingHandlerAdapter.handleInternal(RequestMappingHandlerAdapter.java:829)
	at org.springframework.web.servlet.mvc.method.AbstractHandlerMethodAdapter.handle(AbstractHandlerMethodAdapter.java:87)
	at org.springframework.web.servlet.DispatcherServlet.doDispatch(DispatcherServlet.java:1089)
	at org.springframework.web.servlet.DispatcherServlet.doService(DispatcherServlet.java:979)
	at org.springframework.web.servlet.FrameworkServlet.processRequest(FrameworkServlet.java:1014)
	at org.springframework.web.servlet.FrameworkServlet.doPost(FrameworkServlet.java:914)
	at jakarta.servlet.http.HttpServlet.service(HttpServlet.java:590)
	at org.springframework.web.servlet.FrameworkServlet.service(FrameworkServlet.java:885)
	at jakarta.servlet.http.HttpServlet.service(HttpServlet.java:658)
	at org.apache.catalina.core.ApplicationFilterChain.internalDoFilter(ApplicationFilterChain.java:205)
	at org.apache.catalina.core.ApplicationFilterChain.doFilter(ApplicationFilterChain.java:149)
	at org.apache.tomcat.websocket.server.WsFilter.doFilter(WsFilter.java:51)
	at org.apache.catalina.core.ApplicationFilterChain.internalDoFilter(ApplicationFilterChain.java:174)
	at org.apache.catalina.core.ApplicationFilterChain.doFilter(ApplicationFilterChain.java:149)
	at org.xiaoxu.filter.RequestLogFilter.doFilter(RequestLogFilter.java:37)
	at org.apache.catalina.core.ApplicationFilterChain.internalDoFilter(ApplicationFilterChain.java:174)
	at org.apache.catalina.core.ApplicationFilterChain.doFilter(ApplicationFilterChain.java:149)
	at org.springframework.web.filter.RequestContextFilter.doFilterInternal(RequestContextFilter.java:100)
	at org.springframework.web.filter.OncePerRequestFilter.doFilter(OncePerRequestFilter.java:116)
	at org.apache.catalina.core.ApplicationFilterChain.internalDoFilter(ApplicationFilterChain.java:174)
	at org.apache.catalina.core.ApplicationFilterChain.doFilter(ApplicationFilterChain.java:149)
	at org.springframework.web.filter.FormContentFilter.doFilterInternal(FormContentFilter.java:93)
	at org.springframework.web.filter.OncePerRequestFilter.doFilter(OncePerRequestFilter.java:116)
	at org.apache.catalina.core.ApplicationFilterChain.internalDoFilter(ApplicationFilterChain.java:174)
	at org.apache.catalina.core.ApplicationFilterChain.doFilter(ApplicationFilterChain.java:149)
	at org.springframework.web.filter.CharacterEncodingFilter.doFilterInternal(CharacterEncodingFilter.java:201)
	at org.springframework.web.filter.OncePerRequestFilter.doFilter(OncePerRequestFilter.java:116)
	at org.apache.catalina.core.ApplicationFilterChain.internalDoFilter(ApplicationFilterChain.java:174)
	at org.apache.catalina.core.ApplicationFilterChain.doFilter(ApplicationFilterChain.java:149)
	at org.apache.catalina.core.StandardWrapperValve.invoke(StandardWrapperValve.java:167)
	at org.apache.catalina.core.StandardContextValve.invoke(StandardContextValve.java:90)
	at org.apache.catalina.authenticator.AuthenticatorBase.invoke(AuthenticatorBase.java:482)
	at org.apache.catalina.core.StandardHostValve.invoke(StandardHostValve.java:115)
	at org.apache.catalina.valves.ErrorReportValve.invoke(ErrorReportValve.java:93)
	at org.apache.catalina.core.StandardEngineValve.invoke(StandardEngineValve.java:74)
	at org.apache.catalina.connector.CoyoteAdapter.service(CoyoteAdapter.java:340)
	at org.apache.coyote.http11.Http11Processor.service(Http11Processor.java:391)
	at org.apache.coyote.AbstractProcessorLight.process(AbstractProcessorLight.java:63)
	at org.apache.coyote.AbstractProtocol$ConnectionHandler.process(AbstractProtocol.java:896)
	at org.apache.tomcat.util.net.NioEndpoint$SocketProcessor.doRun(NioEndpoint.java:1744)
	at org.apache.tomcat.util.net.SocketProcessorBase.run(SocketProcessorBase.java:52)
	at org.apache.tomcat.util.threads.ThreadPoolExecutor.runWorker(ThreadPoolExecutor.java:1191)
	at org.apache.tomcat.util.threads.ThreadPoolExecutor$Worker.run(ThreadPoolExecutor.java:659)
	at org.apache.tomcat.util.threads.TaskThread$WrappingRunnable.run(TaskThread.java:61)
	at java.base/java.lang.Thread.run(Thread.java:842)
Caused by: io.lettuce.core.RedisConnectionException: Unable to connect to 192.168.200.128/<unresolved>:6379
	at io.lettuce.core.RedisConnectionException.create(RedisConnectionException.java:78)
	at io.lettuce.core.RedisConnectionException.create(RedisConnectionException.java:56)
	at io.lettuce.core.AbstractRedisClient.getConnection(AbstractRedisClient.java:350)
	at io.lettuce.core.RedisClient.connect(RedisClient.java:215)
	at org.springframework.data.redis.connection.lettuce.StandaloneConnectionProvider.lambda$getConnection$1(StandaloneConnectionProvider.java:112)
	at java.base/java.util.Optional.orElseGet(Optional.java:364)
	at org.springframework.data.redis.connection.lettuce.StandaloneConnectionProvider.getConnection(StandaloneConnectionProvider.java:112)
	at org.springframework.data.redis.connection.lettuce.LettuceConnectionFactory$ExceptionTranslatingConnectionProvider.getConnection(LettuceConnectionFactory.java:1734)
	... 83 common frames omitted
Caused by: io.lettuce.core.RedisCommandExecutionException: WRONGPASS invalid username-password pair or user is disabled.
	at io.lettuce.core.internal.ExceptionFactory.createExecutionException(ExceptionFactory.java:147)
	at io.lettuce.core.internal.ExceptionFactory.createExecutionException(ExceptionFactory.java:116)
	at io.lettuce.core.protocol.AsyncCommand.completeResult(AsyncCommand.java:120)
	at io.lettuce.core.protocol.AsyncCommand.complete(AsyncCommand.java:111)
	at io.lettuce.core.protocol.CommandHandler.complete(CommandHandler.java:745)
	at io.lettuce.core.protocol.CommandHandler.decode(CommandHandler.java:680)
	at io.lettuce.core.protocol.CommandHandler.channelRead(CommandHandler.java:597)
	at io.netty.channel.AbstractChannelHandlerContext.invokeChannelRead(AbstractChannelHandlerContext.java:442)
	at io.netty.channel.AbstractChannelHandlerContext.invokeChannelRead(AbstractChannelHandlerContext.java:420)
	at io.netty.channel.AbstractChannelHandlerContext.fireChannelRead(AbstractChannelHandlerContext.java:412)
	at io.netty.channel.DefaultChannelPipeline$HeadContext.channelRead(DefaultChannelPipeline.java:1410)
	at io.netty.channel.AbstractChannelHandlerContext.invokeChannelRead(AbstractChannelHandlerContext.java:440)
	at io.netty.channel.AbstractChannelHandlerContext.invokeChannelRead(AbstractChannelHandlerContext.java:420)
	at io.netty.channel.DefaultChannelPipeline.fireChannelRead(DefaultChannelPipeline.java:919)
	at io.netty.channel.nio.AbstractNioByteChannel$NioByteUnsafe.read(AbstractNioByteChannel.java:166)
	at io.netty.channel.nio.NioEventLoop.processSelectedKey(NioEventLoop.java:788)
	at io.netty.channel.nio.NioEventLoop.processSelectedKeysOptimized(NioEventLoop.java:724)
	at io.netty.channel.nio.NioEventLoop.processSelectedKeys(NioEventLoop.java:650)
	at io.netty.channel.nio.NioEventLoop.run(NioEventLoop.java:562)
	at io.netty.util.concurrent.SingleThreadEventExecutor$4.run(SingleThreadEventExecutor.java:997)
	at io.netty.util.internal.ThreadExecutorMap$2.run(ThreadExecutorMap.java:74)
	at io.netty.util.concurrent.FastThreadLocalRunnable.run(FastThreadLocalRunnable.java:30)
	... 1 common frames omitted
2026-06-06 11:05:27.966 [http-nio-25255-exec-2] [91e2412d] INFO  o.x.interceptor.TimeCostInterceptor - 【2-Interceptor】后置 | 视图渲染完成 | 耗时=783ms
2026-06-06 11:05:27.967 [http-nio-25255-exec-2] [91e2412d] INFO  org.xiaoxu.filter.RequestLogFilter - 请求结束 | 耗时=801ms
2026-06-06 11:06:10.028 [Thread-4] [] INFO  com.xxl.job.core.server.EmbedServer - >>>>>>>>>>> xxl-job remoting server stop.
2026-06-06 11:06:10.036 [xxl-job, executor ExecutorRegistryThread] [] INFO  c.x.j.c.t.ExecutorRegistryThread - >>>>>>>>>>> xxl-job registry-remove success, registryParam:RegistryParam{registryGroup='EXECUTOR', registryKey='xxl-job-executor', registryValue='http://192.168.1.2:9999/'}, registryResult:ReturnT [code=200, msg=null, content=null]
2026-06-06 11:06:10.037 [xxl-job, executor ExecutorRegistryThread] [] INFO  c.x.j.c.t.ExecutorRegistryThread - >>>>>>>>>>> xxl-job, executor registry thread destroy.
2026-06-06 11:06:10.037 [SpringApplicationShutdownHook] [] INFO  com.xxl.job.core.server.EmbedServer - >>>>>>>>>>> xxl-job remoting server destroy success.
2026-06-06 11:06:10.038 [xxl-job, executor JobLogFileCleanThread] [] INFO  c.x.j.c.thread.JobLogFileCleanThread - >>>>>>>>>>> xxl-job, executor JobLogFileCleanThread thread destroy.
2026-06-06 11:06:10.038 [xxl-job, executor TriggerCallbackThread] [] INFO  c.x.j.c.thread.TriggerCallbackThread - >>>>>>>>>>> xxl-job, executor callback thread destroy.
2026-06-06 11:06:10.039 [Thread-3] [] INFO  c.x.j.c.thread.TriggerCallbackThread - >>>>>>>>>>> xxl-job, executor retry callback thread destroy.
2026-06-06 11:06:10.051 [SpringApplicationShutdownHook] [] INFO  com.zaxxer.hikari.HikariDataSource - HikariPool-1 - Shutdown initiated...
2026-06-06 11:06:10.069 [SpringApplicationShutdownHook] [] INFO  com.zaxxer.hikari.HikariDataSource - HikariPool-1 - Shutdown completed.
2026-06-06 11:06:19.614 [background-preinit] [] INFO  o.h.validator.internal.util.Version - HV000001: Hibernate Validator 8.0.1.Final
2026-06-06 11:06:19.674 [main] [] INFO  o.xiaoxu.PracticeServiceApplication - Starting PracticeServiceApplication using Java 17.0.12 with PID 3568 (E:\programs\java_arsenal\spring-practice-service\target\classes started by tingq in E:\programs\java_arsenal)
2026-06-06 11:06:19.675 [main] [] INFO  o.xiaoxu.PracticeServiceApplication - No active profile set, falling back to 1 default profile: "default"
2026-06-06 11:06:20.663 [main] [] INFO  o.s.d.r.c.RepositoryConfigurationDelegate - Multiple Spring Data modules found, entering strict repository configuration mode
2026-06-06 11:06:20.665 [main] [] INFO  o.s.d.r.c.RepositoryConfigurationDelegate - Bootstrapping Spring Data Redis repositories in DEFAULT mode.
2026-06-06 11:06:20.704 [main] [] INFO  o.s.d.r.c.RepositoryConfigurationDelegate - Finished Spring Data repository scanning in 22 ms. Found 0 Redis repository interfaces.
2026-06-06 11:06:21.504 [main] [] INFO  o.s.b.w.e.tomcat.TomcatWebServer - Tomcat initialized with port 25255 (http)
2026-06-06 11:06:21.515 [main] [] INFO  o.a.coyote.http11.Http11NioProtocol - Initializing ProtocolHandler ["http-nio-25255"]
2026-06-06 11:06:21.516 [main] [] INFO  o.a.catalina.core.StandardService - Starting service [Tomcat]
2026-06-06 11:06:21.516 [main] [] INFO  o.a.catalina.core.StandardEngine - Starting Servlet engine: [Apache Tomcat/10.1.18]
2026-06-06 11:06:21.621 [main] [] INFO  o.a.c.c.C.[Tomcat].[localhost].[/] - Initializing Spring embedded WebApplicationContext
2026-06-06 11:06:21.621 [main] [] INFO  o.s.b.w.s.c.ServletWebServerApplicationContext - Root WebApplicationContext: initialization completed in 1578 ms
2026-06-06 11:06:23.012 [main] [] INFO  c.x.job.core.executor.XxlJobExecutor - >>>>>>>>>>> xxl-job register jobhandler success, name:demoHandler, jobHandler:com.xxl.job.core.handler.impl.MethodJobHandler@7535307c[class org.xiaoxu.controller.VerifiedController$$SpringCGLIB$$0#demoHandler]
2026-06-06 11:06:23.012 [main] [] INFO  o.x.factory.HttpClientFactoryBean - FactoryBean.getObject() 被调用，正在创建HttpClient...
2026-06-06 11:06:23.156 [main] [] INFO  o.x.factory.HttpClientFactoryBean - HttpClient 创建完成: jdk.internal.net.http.HttpClientImpl@717b0d81(1)
2026-06-06 11:06:23.209 [main] [] INFO  o.a.coyote.http11.Http11NioProtocol - Starting ProtocolHandler ["http-nio-25255"]
2026-06-06 11:06:23.238 [main] [] INFO  o.s.b.w.e.tomcat.TomcatWebServer - Tomcat started on port 25255 (http) with context path ''
2026-06-06 11:06:23.250 [main] [] INFO  o.xiaoxu.PracticeServiceApplication - Started PracticeServiceApplication in 4.296 seconds (process running for 5.38)
2026-06-06 11:06:23.491 [Thread-4] [] INFO  com.xxl.job.core.server.EmbedServer - >>>>>>>>>>> xxl-job remoting server start success, nettype = class com.xxl.job.core.server.EmbedServer, port = 9999
2026-06-06 11:06:30.087 [http-nio-25255-exec-2] [] INFO  o.a.c.c.C.[Tomcat].[localhost].[/] - Initializing Spring DispatcherServlet 'dispatcherServlet'
2026-06-06 11:06:30.087 [http-nio-25255-exec-2] [] INFO  o.s.web.servlet.DispatcherServlet - Initializing Servlet 'dispatcherServlet'
2026-06-06 11:06:30.088 [http-nio-25255-exec-2] [] INFO  o.s.web.servlet.DispatcherServlet - Completed initialization in 1 ms
2026-06-06 11:06:30.095 [http-nio-25255-exec-2] [c4ef7f1b] INFO  org.xiaoxu.filter.RequestLogFilter - 请求进入 | POST /sign/1
2026-06-06 11:06:30.117 [http-nio-25255-exec-2] [c4ef7f1b] INFO  o.x.interceptor.TimeCostInterceptor - 【2-Interceptor】前置 | 目标方法: SignInController.signIn
2026-06-06 11:06:30.144 [http-nio-25255-exec-2] [c4ef7f1b] INFO  com.zaxxer.hikari.HikariDataSource - HikariPool-1 - Starting...
2026-06-06 11:06:30.456 [http-nio-25255-exec-2] [c4ef7f1b] INFO  com.zaxxer.hikari.pool.HikariPool - HikariPool-1 - Added connection com.mysql.cj.jdbc.ConnectionImpl@79fb9a8b
2026-06-06 11:06:30.459 [http-nio-25255-exec-2] [c4ef7f1b] INFO  com.zaxxer.hikari.HikariDataSource - HikariPool-1 - Start completed.
2026-06-06 11:06:31.254 [http-nio-25255-exec-2] [c4ef7f1b] ERROR o.x.handler.GlobalExceptionHandler - 系统异常
org.springframework.jdbc.BadSqlGrammarException: 
### Error querying database.  Cause: java.sql.SQLSyntaxErrorException: Table 'spring_mysql.t_user_points' doesn't exist
### The error may exist in org/xiaoxu/mapper/UserPointsMapper.java (best guess)
### The error may involve defaultParameterMap
### The error occurred while setting parameters
### SQL: SELECT  id,user_id,total_points,version,update_time  FROM t_user_points      WHERE  (user_id = ?)
### Cause: java.sql.SQLSyntaxErrorException: Table 'spring_mysql.t_user_points' doesn't exist
; bad SQL grammar []
	at org.springframework.jdbc.support.SQLErrorCodeSQLExceptionTranslator.doTranslate(SQLErrorCodeSQLExceptionTranslator.java:246)
	at org.springframework.jdbc.support.AbstractFallbackSQLExceptionTranslator.translate(AbstractFallbackSQLExceptionTranslator.java:107)
	at org.mybatis.spring.MyBatisExceptionTranslator.translateExceptionIfPossible(MyBatisExceptionTranslator.java:92)
	at org.mybatis.spring.SqlSessionTemplate$SqlSessionInterceptor.invoke(SqlSessionTemplate.java:439)
	at jdk.proxy2/jdk.proxy2.$Proxy75.selectList(Unknown Source)
	at org.mybatis.spring.SqlSessionTemplate.selectList(SqlSessionTemplate.java:224)
	at com.baomidou.mybatisplus.core.override.MybatisMapperMethod.executeForMany(MybatisMapperMethod.java:164)
	at com.baomidou.mybatisplus.core.override.MybatisMapperMethod.execute(MybatisMapperMethod.java:77)
	at com.baomidou.mybatisplus.core.override.MybatisMapperProxy$PlainMethodInvoker.invoke(MybatisMapperProxy.java:152)
	at com.baomidou.mybatisplus.core.override.MybatisMapperProxy.invoke(MybatisMapperProxy.java:89)
	at jdk.proxy2/jdk.proxy2.$Proxy86.selectList(Unknown Source)
	at com.baomidou.mybatisplus.core.mapper.BaseMapper.selectOne(BaseMapper.java:222)
	at java.base/java.lang.invoke.MethodHandle.invokeWithArguments(MethodHandle.java:732)
	at com.baomidou.mybatisplus.core.override.MybatisMapperProxy$DefaultMethodInvoker.invoke(MybatisMapperProxy.java:166)
	at com.baomidou.mybatisplus.core.override.MybatisMapperProxy.invoke(MybatisMapperProxy.java:89)
	at jdk.proxy2/jdk.proxy2.$Proxy86.selectOne(Unknown Source)
	at com.baomidou.mybatisplus.extension.service.impl.ServiceImpl.getOne(ServiceImpl.java:242)
	at com.baomidou.mybatisplus.extension.service.IService.getOne(IService.java:327)
	at org.xiaoxu.service.impl.UserPointServiceImpl.signIn(UserPointServiceImpl.java:55)
	at java.base/jdk.internal.reflect.NativeMethodAccessorImpl.invoke0(Native Method)
	at java.base/jdk.internal.reflect.NativeMethodAccessorImpl.invoke(NativeMethodAccessorImpl.java:77)
	at java.base/jdk.internal.reflect.DelegatingMethodAccessorImpl.invoke(DelegatingMethodAccessorImpl.java:43)
	at java.base/java.lang.reflect.Method.invoke(Method.java:568)
	at org.springframework.aop.support.AopUtils.invokeJoinpointUsingReflection(AopUtils.java:351)
	at org.springframework.aop.framework.ReflectiveMethodInvocation.invokeJoinpoint(ReflectiveMethodInvocation.java:196)
	at org.springframework.aop.framework.ReflectiveMethodInvocation.proceed(ReflectiveMethodInvocation.java:163)
	at org.springframework.aop.framework.CglibAopProxy$CglibMethodInvocation.proceed(CglibAopProxy.java:765)
	at org.springframework.transaction.interceptor.TransactionInterceptor$1.proceedWithInvocation(TransactionInterceptor.java:123)
	at org.springframework.transaction.interceptor.TransactionAspectSupport.invokeWithinTransaction(TransactionAspectSupport.java:385)
	at org.springframework.transaction.interceptor.TransactionInterceptor.invoke(TransactionInterceptor.java:119)
	at org.springframework.aop.framework.ReflectiveMethodInvocation.proceed(ReflectiveMethodInvocation.java:184)
	at org.springframework.aop.framework.CglibAopProxy$CglibMethodInvocation.proceed(CglibAopProxy.java:765)
	at org.springframework.aop.framework.CglibAopProxy$DynamicAdvisedInterceptor.intercept(CglibAopProxy.java:717)
	at org.xiaoxu.service.impl.UserPointServiceImpl$$SpringCGLIB$$0.signIn(<generated>)
	at org.xiaoxu.controller.SignInController.signIn(SignInController.java:20)
	at java.base/jdk.internal.reflect.NativeMethodAccessorImpl.invoke0(Native Method)
	at java.base/jdk.internal.reflect.NativeMethodAccessorImpl.invoke(NativeMethodAccessorImpl.java:77)
	at java.base/jdk.internal.reflect.DelegatingMethodAccessorImpl.invoke(DelegatingMethodAccessorImpl.java:43)
	at java.base/java.lang.reflect.Method.invoke(Method.java:568)
	at org.springframework.web.method.support.InvocableHandlerMethod.doInvoke(InvocableHandlerMethod.java:261)
	at org.springframework.web.method.support.InvocableHandlerMethod.invokeForRequest(InvocableHandlerMethod.java:189)
	at org.springframework.web.servlet.mvc.method.annotation.ServletInvocableHandlerMethod.invokeAndHandle(ServletInvocableHandlerMethod.java:118)
	at org.springframework.web.servlet.mvc.method.annotation.RequestMappingHandlerAdapter.invokeHandlerMethod(RequestMappingHandlerAdapter.java:917)
	at org.springframework.web.servlet.mvc.method.annotation.RequestMappingHandlerAdapter.handleInternal(RequestMappingHandlerAdapter.java:829)
	at org.springframework.web.servlet.mvc.method.AbstractHandlerMethodAdapter.handle(AbstractHandlerMethodAdapter.java:87)
	at org.springframework.web.servlet.DispatcherServlet.doDispatch(DispatcherServlet.java:1089)
	at org.springframework.web.servlet.DispatcherServlet.doService(DispatcherServlet.java:979)
	at org.springframework.web.servlet.FrameworkServlet.processRequest(FrameworkServlet.java:1014)
	at org.springframework.web.servlet.FrameworkServlet.doPost(FrameworkServlet.java:914)
	at jakarta.servlet.http.HttpServlet.service(HttpServlet.java:590)
	at org.springframework.web.servlet.FrameworkServlet.service(FrameworkServlet.java:885)
	at jakarta.servlet.http.HttpServlet.service(HttpServlet.java:658)
	at org.apache.catalina.core.ApplicationFilterChain.internalDoFilter(ApplicationFilterChain.java:205)
	at org.apache.catalina.core.ApplicationFilterChain.doFilter(ApplicationFilterChain.java:149)
	at org.apache.tomcat.websocket.server.WsFilter.doFilter(WsFilter.java:51)
	at org.apache.catalina.core.ApplicationFilterChain.internalDoFilter(ApplicationFilterChain.java:174)
	at org.apache.catalina.core.ApplicationFilterChain.doFilter(ApplicationFilterChain.java:149)
	at org.xiaoxu.filter.RequestLogFilter.doFilter(RequestLogFilter.java:37)
	at org.apache.catalina.core.ApplicationFilterChain.internalDoFilter(ApplicationFilterChain.java:174)
	at org.apache.catalina.core.ApplicationFilterChain.doFilter(ApplicationFilterChain.java:149)
	at org.springframework.web.filter.RequestContextFilter.doFilterInternal(RequestContextFilter.java:100)
	at org.springframework.web.filter.OncePerRequestFilter.doFilter(OncePerRequestFilter.java:116)
	at org.apache.catalina.core.ApplicationFilterChain.internalDoFilter(ApplicationFilterChain.java:174)
	at org.apache.catalina.core.ApplicationFilterChain.doFilter(ApplicationFilterChain.java:149)
	at org.springframework.web.filter.FormContentFilter.doFilterInternal(FormContentFilter.java:93)
	at org.springframework.web.filter.OncePerRequestFilter.doFilter(OncePerRequestFilter.java:116)
	at org.apache.catalina.core.ApplicationFilterChain.internalDoFilter(ApplicationFilterChain.java:174)
	at org.apache.catalina.core.ApplicationFilterChain.doFilter(ApplicationFilterChain.java:149)
	at org.springframework.web.filter.CharacterEncodingFilter.doFilterInternal(CharacterEncodingFilter.java:201)
	at org.springframework.web.filter.OncePerRequestFilter.doFilter(OncePerRequestFilter.java:116)
	at org.apache.catalina.core.ApplicationFilterChain.internalDoFilter(ApplicationFilterChain.java:174)
	at org.apache.catalina.core.ApplicationFilterChain.doFilter(ApplicationFilterChain.java:149)
	at org.apache.catalina.core.StandardWrapperValve.invoke(StandardWrapperValve.java:167)
	at org.apache.catalina.core.StandardContextValve.invoke(StandardContextValve.java:90)
	at org.apache.catalina.authenticator.AuthenticatorBase.invoke(AuthenticatorBase.java:482)
	at org.apache.catalina.core.StandardHostValve.invoke(StandardHostValve.java:115)
	at org.apache.catalina.valves.ErrorReportValve.invoke(ErrorReportValve.java:93)
	at org.apache.catalina.core.StandardEngineValve.invoke(StandardEngineValve.java:74)
	at org.apache.catalina.connector.CoyoteAdapter.service(CoyoteAdapter.java:340)
	at org.apache.coyote.http11.Http11Processor.service(Http11Processor.java:391)
	at org.apache.coyote.AbstractProcessorLight.process(AbstractProcessorLight.java:63)
	at org.apache.coyote.AbstractProtocol$ConnectionHandler.process(AbstractProtocol.java:896)
	at org.apache.tomcat.util.net.NioEndpoint$SocketProcessor.doRun(NioEndpoint.java:1744)
	at org.apache.tomcat.util.net.SocketProcessorBase.run(SocketProcessorBase.java:52)
	at org.apache.tomcat.util.threads.ThreadPoolExecutor.runWorker(ThreadPoolExecutor.java:1191)
	at org.apache.tomcat.util.threads.ThreadPoolExecutor$Worker.run(ThreadPoolExecutor.java:659)
	at org.apache.tomcat.util.threads.TaskThread$WrappingRunnable.run(TaskThread.java:61)
	at java.base/java.lang.Thread.run(Thread.java:842)
Caused by: java.sql.SQLSyntaxErrorException: Table 'spring_mysql.t_user_points' doesn't exist
	at com.mysql.cj.jdbc.exceptions.SQLError.createSQLException(SQLError.java:120)
	at com.mysql.cj.jdbc.exceptions.SQLExceptionsMapping.translateException(SQLExceptionsMapping.java:122)
	at com.mysql.cj.jdbc.ClientPreparedStatement.executeInternal(ClientPreparedStatement.java:953)
	at com.mysql.cj.jdbc.ClientPreparedStatement.execute(ClientPreparedStatement.java:371)
	at com.zaxxer.hikari.pool.ProxyPreparedStatement.execute(ProxyPreparedStatement.java:44)
	at com.zaxxer.hikari.pool.HikariProxyPreparedStatement.execute(HikariProxyPreparedStatement.java)
	at org.apache.ibatis.executor.statement.PreparedStatementHandler.query(PreparedStatementHandler.java:65)
	at org.apache.ibatis.executor.statement.RoutingStatementHandler.query(RoutingStatementHandler.java:80)
	at java.base/jdk.internal.reflect.NativeMethodAccessorImpl.invoke0(Native Method)
	at java.base/jdk.internal.reflect.NativeMethodAccessorImpl.invoke(NativeMethodAccessorImpl.java:77)
	at java.base/jdk.internal.reflect.DelegatingMethodAccessorImpl.invoke(DelegatingMethodAccessorImpl.java:43)
	at java.base/java.lang.reflect.Method.invoke(Method.java:568)
	at org.apache.ibatis.plugin.Plugin.invoke(Plugin.java:61)
	at jdk.proxy2/jdk.proxy2.$Proxy127.query(Unknown Source)
	at org.apache.ibatis.executor.SimpleExecutor.doQuery(SimpleExecutor.java:65)
	at org.apache.ibatis.executor.BaseExecutor.queryFromDatabase(BaseExecutor.java:336)
	at org.apache.ibatis.executor.BaseExecutor.query(BaseExecutor.java:158)
	at org.apache.ibatis.executor.CachingExecutor.query(CachingExecutor.java:110)
	at com.baomidou.mybatisplus.extension.plugins.MybatisPlusInterceptor.intercept(MybatisPlusInterceptor.java:81)
	at org.apache.ibatis.plugin.Plugin.invoke(Plugin.java:59)
	at jdk.proxy2/jdk.proxy2.$Proxy126.query(Unknown Source)
	at com.github.pagehelper.PageInterceptor.intercept(PageInterceptor.java:151)
	at org.apache.ibatis.plugin.Plugin.invoke(Plugin.java:59)
	at jdk.proxy2/jdk.proxy2.$Proxy126.query(Unknown Source)
	at org.apache.ibatis.session.defaults.DefaultSqlSession.selectList(DefaultSqlSession.java:154)
	at org.apache.ibatis.session.defaults.DefaultSqlSession.selectList(DefaultSqlSession.java:147)
	at org.apache.ibatis.session.defaults.DefaultSqlSession.selectList(DefaultSqlSession.java:142)
	at java.base/jdk.internal.reflect.NativeMethodAccessorImpl.invoke0(Native Method)
	at java.base/jdk.internal.reflect.NativeMethodAccessorImpl.invoke(NativeMethodAccessorImpl.java:77)
	at java.base/jdk.internal.reflect.DelegatingMethodAccessorImpl.invoke(DelegatingMethodAccessorImpl.java:43)
	at java.base/java.lang.reflect.Method.invoke(Method.java:568)
	at org.mybatis.spring.SqlSessionTemplate$SqlSessionInterceptor.invoke(SqlSessionTemplate.java:425)
	... 84 common frames omitted
2026-06-06 11:06:31.319 [http-nio-25255-exec-2] [c4ef7f1b] INFO  o.x.interceptor.TimeCostInterceptor - 【2-Interceptor】后置 | 视图渲染完成 | 耗时=1202ms
2026-06-06 11:06:31.320 [http-nio-25255-exec-2] [c4ef7f1b] INFO  org.xiaoxu.filter.RequestLogFilter - 请求结束 | 耗时=1224ms
2026-06-06 11:07:27.919 [Thread-4] [] INFO  com.xxl.job.core.server.EmbedServer - >>>>>>>>>>> xxl-job remoting server stop.
2026-06-06 11:07:27.924 [xxl-job, executor ExecutorRegistryThread] [] INFO  c.x.j.c.t.ExecutorRegistryThread - >>>>>>>>>>> xxl-job registry-remove success, registryParam:RegistryParam{registryGroup='EXECUTOR', registryKey='xxl-job-executor', registryValue='http://192.168.1.2:9999/'}, registryResult:ReturnT [code=200, msg=null, content=null]
2026-06-06 11:07:27.925 [xxl-job, executor ExecutorRegistryThread] [] INFO  c.x.j.c.t.ExecutorRegistryThread - >>>>>>>>>>> xxl-job, executor registry thread destroy.
2026-06-06 11:07:27.925 [SpringApplicationShutdownHook] [] INFO  com.xxl.job.core.server.EmbedServer - >>>>>>>>>>> xxl-job remoting server destroy success.
2026-06-06 11:07:27.925 [xxl-job, executor JobLogFileCleanThread] [] INFO  c.x.j.c.thread.JobLogFileCleanThread - >>>>>>>>>>> xxl-job, executor JobLogFileCleanThread thread destroy.
2026-06-06 11:07:27.925 [xxl-job, executor TriggerCallbackThread] [] INFO  c.x.j.c.thread.TriggerCallbackThread - >>>>>>>>>>> xxl-job, executor callback thread destroy.
2026-06-06 11:07:27.925 [Thread-3] [] INFO  c.x.j.c.thread.TriggerCallbackThread - >>>>>>>>>>> xxl-job, executor retry callback thread destroy.
2026-06-06 11:07:27.932 [SpringApplicationShutdownHook] [] INFO  com.zaxxer.hikari.HikariDataSource - HikariPool-1 - Shutdown initiated...
2026-06-06 11:07:27.947 [SpringApplicationShutdownHook] [] INFO  com.zaxxer.hikari.HikariDataSource - HikariPool-1 - Shutdown completed.
2026-06-06 11:07:31.777 [background-preinit] [] INFO  o.h.validator.internal.util.Version - HV000001: Hibernate Validator 8.0.1.Final
2026-06-06 11:07:31.830 [main] [] INFO  o.xiaoxu.PracticeServiceApplication - Starting PracticeServiceApplication using Java 17.0.12 with PID 32028 (E:\programs\java_arsenal\spring-practice-service\target\classes started by tingq in E:\programs\java_arsenal)
2026-06-06 11:07:31.832 [main] [] INFO  o.xiaoxu.PracticeServiceApplication - No active profile set, falling back to 1 default profile: "default"
2026-06-06 11:07:32.804 [main] [] INFO  o.s.d.r.c.RepositoryConfigurationDelegate - Multiple Spring Data modules found, entering strict repository configuration mode
2026-06-06 11:07:32.808 [main] [] INFO  o.s.d.r.c.RepositoryConfigurationDelegate - Bootstrapping Spring Data Redis repositories in DEFAULT mode.
2026-06-06 11:07:32.854 [main] [] INFO  o.s.d.r.c.RepositoryConfigurationDelegate - Finished Spring Data repository scanning in 26 ms. Found 0 Redis repository interfaces.
2026-06-06 11:07:33.691 [main] [] INFO  o.s.b.w.e.tomcat.TomcatWebServer - Tomcat initialized with port 25255 (http)
2026-06-06 11:07:33.702 [main] [] INFO  o.a.coyote.http11.Http11NioProtocol - Initializing ProtocolHandler ["http-nio-25255"]
2026-06-06 11:07:33.703 [main] [] INFO  o.a.catalina.core.StandardService - Starting service [Tomcat]
2026-06-06 11:07:33.703 [main] [] INFO  o.a.catalina.core.StandardEngine - Starting Servlet engine: [Apache Tomcat/10.1.18]
2026-06-06 11:07:33.800 [main] [] INFO  o.a.c.c.C.[Tomcat].[localhost].[/] - Initializing Spring embedded WebApplicationContext
2026-06-06 11:07:33.800 [main] [] INFO  o.s.b.w.s.c.ServletWebServerApplicationContext - Root WebApplicationContext: initialization completed in 1643 ms
2026-06-06 11:07:35.202 [main] [] INFO  c.x.job.core.executor.XxlJobExecutor - >>>>>>>>>>> xxl-job register jobhandler success, name:demoHandler, jobHandler:com.xxl.job.core.handler.impl.MethodJobHandler@1774c4e2[class org.xiaoxu.controller.VerifiedController$$SpringCGLIB$$0#demoHandler]
2026-06-06 11:07:35.202 [main] [] INFO  o.x.factory.HttpClientFactoryBean - FactoryBean.getObject() 被调用，正在创建HttpClient...
2026-06-06 11:07:35.340 [main] [] INFO  o.x.factory.HttpClientFactoryBean - HttpClient 创建完成: jdk.internal.net.http.HttpClientImpl@74faf450(1)
2026-06-06 11:07:35.389 [main] [] INFO  o.a.coyote.http11.Http11NioProtocol - Starting ProtocolHandler ["http-nio-25255"]
2026-06-06 11:07:35.405 [main] [] INFO  o.s.b.w.e.tomcat.TomcatWebServer - Tomcat started on port 25255 (http) with context path ''
2026-06-06 11:07:35.414 [main] [] INFO  o.xiaoxu.PracticeServiceApplication - Started PracticeServiceApplication in 4.254 seconds (process running for 5.455)
2026-06-06 11:07:35.691 [Thread-4] [] INFO  com.xxl.job.core.server.EmbedServer - >>>>>>>>>>> xxl-job remoting server start success, nettype = class com.xxl.job.core.server.EmbedServer, port = 9999
2026-06-06 11:07:47.709 [http-nio-25255-exec-2] [] INFO  o.a.c.c.C.[Tomcat].[localhost].[/] - Initializing Spring DispatcherServlet 'dispatcherServlet'
2026-06-06 11:07:47.709 [http-nio-25255-exec-2] [] INFO  o.s.web.servlet.DispatcherServlet - Initializing Servlet 'dispatcherServlet'
2026-06-06 11:07:47.709 [http-nio-25255-exec-2] [] INFO  o.s.web.servlet.DispatcherServlet - Completed initialization in 0 ms
2026-06-06 11:07:47.716 [http-nio-25255-exec-2] [54563f54] INFO  org.xiaoxu.filter.RequestLogFilter - 请求进入 | POST /sign/1
2026-06-06 11:07:47.734 [http-nio-25255-exec-2] [54563f54] INFO  o.x.interceptor.TimeCostInterceptor - 【2-Interceptor】前置 | 目标方法: SignInController.signIn
2026-06-06 11:07:47.759 [http-nio-25255-exec-2] [54563f54] INFO  com.zaxxer.hikari.HikariDataSource - HikariPool-1 - Starting...
2026-06-06 11:07:48.074 [http-nio-25255-exec-2] [54563f54] INFO  com.zaxxer.hikari.pool.HikariPool - HikariPool-1 - Added connection com.mysql.cj.jdbc.ConnectionImpl@63cfcffc
2026-06-06 11:07:48.077 [http-nio-25255-exec-2] [54563f54] INFO  com.zaxxer.hikari.HikariDataSource - HikariPool-1 - Start completed.
2026-06-06 11:07:48.553 [http-nio-25255-exec-2] [54563f54] WARN  o.x.handler.GlobalExceptionHandler - 业务异常: code=1001, msg=今日已签到，不要重复签到
2026-06-06 11:07:48.610 [http-nio-25255-exec-2] [54563f54] INFO  o.x.interceptor.TimeCostInterceptor - 【2-Interceptor】后置 | 视图渲染完成 | 耗时=876ms
2026-06-06 11:07:48.611 [http-nio-25255-exec-2] [54563f54] INFO  org.xiaoxu.filter.RequestLogFilter - 请求结束 | 耗时=895ms
2026-06-06 11:08:47.094 [http-nio-25255-exec-5] [8f3b1821] INFO  org.xiaoxu.filter.RequestLogFilter - 请求进入 | POST /sign/1
2026-06-06 11:08:47.095 [http-nio-25255-exec-5] [8f3b1821] INFO  o.x.interceptor.TimeCostInterceptor - 【2-Interceptor】前置 | 目标方法: SignInController.signIn
2026-06-06 11:08:47.303 [http-nio-25255-exec-5] [8f3b1821] INFO  o.x.s.impl.UserPointServiceImpl - 用户1签到成功，获得10积分
2026-06-06 11:08:47.313 [http-nio-25255-exec-5] [8f3b1821] INFO  o.x.interceptor.TimeCostInterceptor - 【2-Interceptor】中置 | Controller已执行，视图渲染前
2026-06-06 11:08:47.313 [http-nio-25255-exec-5] [8f3b1821] INFO  o.x.interceptor.TimeCostInterceptor - 【2-Interceptor】后置 | 视图渲染完成 | 耗时=218ms
2026-06-06 11:08:47.314 [http-nio-25255-exec-5] [8f3b1821] INFO  org.xiaoxu.filter.RequestLogFilter - 请求结束 | 耗时=219ms
2026-06-06 11:09:47.355 [http-nio-25255-exec-3] [5397655c] INFO  org.xiaoxu.filter.RequestLogFilter - 请求进入 | POST /sign/1
2026-06-06 11:09:47.356 [http-nio-25255-exec-3] [5397655c] INFO  o.x.interceptor.TimeCostInterceptor - 【2-Interceptor】前置 | 目标方法: SignInController.signIn
2026-06-06 11:10:08.439 [http-nio-25255-exec-3] [5397655c] WARN  o.x.handler.GlobalExceptionHandler - 业务异常: code=1001, msg=今日已签到，不要重复签到
2026-06-06 11:10:08.442 [http-nio-25255-exec-3] [5397655c] INFO  o.x.interceptor.TimeCostInterceptor - 【2-Interceptor】后置 | 视图渲染完成 | 耗时=21086ms
2026-06-06 11:10:08.442 [http-nio-25255-exec-3] [5397655c] INFO  org.xiaoxu.filter.RequestLogFilter - 请求结束 | 耗时=21087ms
2026-06-06 11:10:49.367 [http-nio-25255-exec-8] [a12a069f] INFO  org.xiaoxu.filter.RequestLogFilter - 请求进入 | GET /sign/1/status
2026-06-06 11:10:49.367 [http-nio-25255-exec-8] [a12a069f] INFO  o.x.interceptor.TimeCostInterceptor - 【2-Interceptor】前置 | 目标方法: SignInController.signStatus
2026-06-06 11:10:49.373 [http-nio-25255-exec-8] [a12a069f] INFO  o.x.interceptor.TimeCostInterceptor - 【2-Interceptor】中置 | Controller已执行，视图渲染前
2026-06-06 11:10:49.373 [http-nio-25255-exec-8] [a12a069f] INFO  o.x.interceptor.TimeCostInterceptor - 【2-Interceptor】后置 | 视图渲染完成 | 耗时=6ms
2026-06-06 11:10:49.373 [http-nio-25255-exec-8] [a12a069f] INFO  org.xiaoxu.filter.RequestLogFilter - 请求结束 | 耗时=6ms
2026-06-06 11:12:01.034 [Thread-4] [] INFO  com.xxl.job.core.server.EmbedServer - >>>>>>>>>>> xxl-job remoting server stop.
2026-06-06 11:12:01.039 [xxl-job, executor ExecutorRegistryThread] [] INFO  c.x.j.c.t.ExecutorRegistryThread - >>>>>>>>>>> xxl-job registry-remove success, registryParam:RegistryParam{registryGroup='EXECUTOR', registryKey='xxl-job-executor', registryValue='http://192.168.1.2:9999/'}, registryResult:ReturnT [code=200, msg=null, content=null]
2026-06-06 11:12:01.039 [xxl-job, executor ExecutorRegistryThread] [] INFO  c.x.j.c.t.ExecutorRegistryThread - >>>>>>>>>>> xxl-job, executor registry thread destroy.
2026-06-06 11:12:01.039 [SpringApplicationShutdownHook] [] INFO  com.xxl.job.core.server.EmbedServer - >>>>>>>>>>> xxl-job remoting server destroy success.
2026-06-06 11:12:01.039 [xxl-job, executor JobLogFileCleanThread] [] INFO  c.x.j.c.thread.JobLogFileCleanThread - >>>>>>>>>>> xxl-job, executor JobLogFileCleanThread thread destroy.
2026-06-06 11:12:01.040 [xxl-job, executor TriggerCallbackThread] [] INFO  c.x.j.c.thread.TriggerCallbackThread - >>>>>>>>>>> xxl-job, executor callback thread destroy.
2026-06-06 11:12:01.040 [Thread-3] [] INFO  c.x.j.c.thread.TriggerCallbackThread - >>>>>>>>>>> xxl-job, executor retry callback thread destroy.
2026-06-06 11:12:01.046 [SpringApplicationShutdownHook] [] INFO  com.zaxxer.hikari.HikariDataSource - HikariPool-1 - Shutdown initiated...
2026-06-06 11:12:01.060 [SpringApplicationShutdownHook] [] INFO  com.zaxxer.hikari.HikariDataSource - HikariPool-1 - Shutdown completed.
